.\venv\Scripts\python.exe : C:
\Users\youss\Documents\PFE-202
6-yassine-youssef\backend\inse
rt_test_interview.py:38: 
DeprecationWarning: 
datetime.datetime.utcnow() is 
deprecated and scheduled for 
removal in a future version. 
Use timezone-aware objects to 
represent datetimes in UTC: da
tetime.datetime.now(datetime.U
TC).
At line:1 char:1
+ .\venv\Scripts\python.exe 
insert_test_interview.py live 
> test_output ...
+ ~~~~~~~~~~~~~~~~~~~~~~~~~~~~
~~~~~~~~~~~~~~~~~~~~~~~~~~~~~~
~~~~~~~~~~~
    + CategoryInfo          : 
    NotSpecified: (C:\Users\  
  youss\...(datetime.UTC).:   
 String) [], RemoteExcepti    
on
    + FullyQualifiedErrorId : 
    NativeCommandError
 
  now_utc = datetime.utcnow()
MongoDB connection established successfully (Pool active).
Traceback (most recent call 
last):
  File "C:\Users\youss\Documen
ts\PFE-2026-yassine-youssef\ba
ckend\insert_test_interview.py
", line 139, in <module>
    main()
    ~~~~^^
  File "C:\Users\youss\Documen
ts\PFE-2026-yassine-youssef\ba
ckend\insert_test_interview.py
", line 81, in main
    print(f"\U0001f9f9  
Removed 
{result_del.deleted_count} 
previous test interview(s)")
    ~~~~~^^^^^^^^^^^^^^^^^^^^^
^^^^^^^^^^^^^^^^^^^^^^^^^^^^^^
^^^^^^^^^^^^^^^^^^^
  File "C:\Users\youss\AppData
\Local\Programs\Python\Python3
13\Lib\encodings\cp1252.py", 
line 19, in encode
    return codecs.charmap_enco
de(input,self.errors,encoding_
table)[0]
           ~~~~~~~~~~~~~~~~~~~
~~^^^^^^^^^^^^^^^^^^^^^^^^^^^^
^^^^^^
UnicodeEncodeError: 'charmap' 
codec can't encode character 
'\U0001f9f9' in position 0: 
character maps to <undefined>
